core_cm0.h:730:22:__NVIC_SetPriority	24	static
core_cm0.h:920:26:SysTick_Config	16	static
CAP1203.c:10:6:millis_init	8	static
CAP1203.c:17:6:Systick_Handler	8	static
CAP1203.c:21:10:millis	8	static
CAP1203.c:30:6:readRegisterSingle	32	static
CAP1203.c:45:6:writeRegisterSingle	32	static
CAP1203.c:56:6:readRegister	32	static
CAP1203.c:66:6:writeRegisters	32	static
CAP1203.c:70:6:setSensitivity	24	static
CAP1203.c:101:6:setInterruptEnabled	16	static
CAP1203.c:110:6:clearInterrupt	16	static
CAP1203.c:117:6:begin	32	static
CAP1203.c:135:6:isLeftTouched	16	static
CAP1203.c:147:6:isMiddleTouched	16	static
CAP1203.c:159:6:isRightTouched	16	static
CAP1203.c:175:6:isCAP1203Ready	8	static
CAP1203.c:187:6:isDownSwipePulled	16	static
CAP1203.c:232:6:isUpSwipePulled	16	static
