ssd1306.c:5:6:ssd1306_Reset	8	static
ssd1306.c:10:6:ssd1306_WriteCommand	32	static
ssd1306.c:15:6:ssd1306_WriteData	32	static
ssd1306.c:28:6:ssd1306_Init	8	static
ssd1306.c:131:6:ssd1306_Fill	24	static
ssd1306.c:141:6:ssd1306_UpdateScreen	16	static
ssd1306.c:160:6:ssd1306_DrawPixel	24	static
ssd1306.c:183:6:ssd1306_WriteChar	48	static
ssd1306.c:218:6:ssd1306_WriteString	24	static
ssd1306.c:235:6:ssd1306_SetCursor	16	static
ssd1306.c:242:6:ssd1306_WriteFloat	48	static
ssd1306.c:249:6:ssd1306_WriteInteger	48	static
ssd1306.c:255:6:testdrawbitmap	8	static
