ssd1306.c:6:6:ssd1306_Reset	8	static
ssd1306.c:11:6:ssd1306_WriteCommand	32	static
ssd1306.c:16:6:ssd1306_WriteData	32	static
ssd1306.c:29:6:ssd1306_Init	8	static
ssd1306.c:132:6:ssd1306_Fill	24	static
ssd1306.c:142:6:ssd1306_UpdateScreen	16	static
ssd1306.c:161:6:ssd1306_DrawPixel	24	static
ssd1306.c:184:6:ssd1306_WriteChar	48	static
ssd1306.c:219:6:ssd1306_WriteString	24	static
ssd1306.c:236:6:ssd1306_SetCursor	16	static
ssd1306.c:243:6:ssd1306_WriteFloat	48	static
ssd1306.c:250:6:ssd1306_WriteInteger	48	static
ssd1306.c:256:6:testdrawbitmap	8	static
ssd1306.c:266:6:isSSD1306Ready	8	static
